// Jest Snapshot v1, https://goo.gl/fbAQLP

exports[`Header Component matches snapshot 1`] = `
<DocumentFragment>
  <div
    class="container"
  >
    <p>
      Loading..
    </p>
  </div>
</DocumentFragment>
`;
